framework module MSBooster {
    umbrella header "MSBooster.h"
    
    module NSScannerLexing
    {
        header "NSScanner+MSLexer.h"
        requires objc
    }
    
    module MSSecurity
    {

        module NSDataHashing
        {
            header "NSData+MSHashing.h"
            requires objc
        }

        module NSDataHMAC
        {
            header "NSData+MSHMAC.h"
            requires objc
        }

        module NSDataCryptor
        {
            header "NSData+MSCryptor.h"
            requires objc
        }

        module NSDataTrivialCryptography
        {
            header "NSData+MSTrivialCryptography.h"
            requires objc
        }
        
        requires objc

    }
    
    module NSDataCompression
    {
        header "NSData+MSCompression.h"
        requires objc
    }
    
    module MSLINQ
    {
        module NSArrayLINQ
        {
            header "NSArray+LinqExtensions.h"
            requires objc, blocks
        }
        
        module NSDictionaryLINQ
        {
            header "NSDictionary+LinqExtensions.h"
            requires objc, blocks
        }
        
        requires objc, blocks
    }
    
    module CGIJSONObjects
    {
        header "NSData+CGIJSONSerializable.h"
        header "NSDate+CGIJSONSerializable.h"
        header "NSArray+CGIJSONSerializable.h"
        header "NSObject+CGIJSONSerializable.h"
        header "NSObject+CGIJSONSerializing.h"
    }

    export *
    module * {
        export *
    }
    
    explicit module MSBoosterPrivate {
        header "MSBooster_Private.h"
        export *
    }
}
